2026-4-24 19:07:11 - log: Load engine in D:\cocos_editor\Creator\3.8.8\resources\resources\3d\engine
2026-4-24 19:07:12 - log: Register native engine in D:\cocos_editor\Creator\3.8.8\resources\resources\3d\engine\native
2026-4-24 19:07:12 - log: Request namespace: device-list
2026-4-24 19:07:20 - info: [PreviewInEditor] 预览环境初始化完毕
2026-4-24 19:07:22 - log: [Scene] meshopt wasm decoder initialized
2026-4-24 19:07:22 - log: [Scene] [box2d]:box2d wasm lib loaded.
2026-4-24 19:07:22 - log: [Scene] [bullet]:bullet wasm lib loaded.
2026-4-24 19:07:22 - log: [Scene] [PHYSICS]: using builtin.
2026-4-24 19:07:22 - log: [Scene] Cocos Creator v3.8.8
2026-4-24 19:07:22 - log: [Scene] Using custom pipeline: Builtin
2026-4-24 20:35:31 - log: [PreviewInEditor] meshopt wasm decoder initialized
2026-4-24 20:35:31 - log: [PreviewInEditor] [box2d]:box2d wasm lib loaded.
2026-4-24 20:35:31 - log: [PreviewInEditor] [bullet]:bullet wasm lib loaded.
2026-4-24 20:35:31 - log: [PreviewInEditor] [PHYSICS]: using builtin.
2026-4-24 20:35:31 - log: [PreviewInEditor] Cocos Creator v3.8.8
2026-4-24 20:35:31 - log: [PreviewInEditor] Using custom pipeline: Builtin
2026-4-24 20:35:52 - info: [PreviewInEditor] 预览环境初始化完毕
2026-4-24 20:43:24 - log: [PreviewInEditor] meshopt wasm decoder initialized
2026-4-24 20:43:24 - log: [PreviewInEditor] [box2d]:box2d wasm lib loaded.
2026-4-24 20:43:24 - log: [PreviewInEditor] [bullet]:bullet wasm lib loaded.
2026-4-24 20:43:24 - log: [PreviewInEditor] [PHYSICS]: using builtin.
2026-4-24 20:43:25 - log: [PreviewInEditor] Cocos Creator v3.8.8
2026-4-24 20:43:25 - log: [PreviewInEditor] Using custom pipeline: Builtin
2026-4-24 20:43:40 - info: [PreviewInEditor] 预览环境初始化完毕
2026-4-24 21:06:07 - log: [PreviewInEditor] meshopt wasm decoder initialized
2026-4-24 21:06:07 - log: [PreviewInEditor] [bullet]:bullet wasm lib loaded.
2026-4-24 21:06:07 - log: [PreviewInEditor] [box2d]:box2d wasm lib loaded.
2026-4-24 21:06:07 - log: [PreviewInEditor] [PHYSICS]: using builtin.
2026-4-24 21:06:07 - log: [PreviewInEditor] Cocos Creator v3.8.8
2026-4-24 21:06:07 - log: [PreviewInEditor] Using custom pipeline: Builtin
2026-4-24 21:06:34 - info: [PreviewInEditor] 预览环境初始化完毕
2026-4-24 21:10:36 - log: [PreviewInEditor] meshopt wasm decoder initialized
2026-4-24 21:10:36 - log: [PreviewInEditor] [box2d]:box2d wasm lib loaded.
2026-4-24 21:10:36 - log: [PreviewInEditor] [bullet]:bullet wasm lib loaded.
2026-4-24 21:10:36 - log: [PreviewInEditor] [PHYSICS]: using builtin.
2026-4-24 21:10:36 - log: [PreviewInEditor] Cocos Creator v3.8.8
2026-4-24 21:10:36 - log: [PreviewInEditor] Using custom pipeline: Builtin
2026-4-24 21:10:37 - error: [PreviewInEditor] Cannot set properties of null (setting 'string')TypeError: Cannot set properties of null (setting 'string')
    at Player.onLoad (file:///D:/cocos_zml/zml-cocos2d-games/zml-cocos2d-AirplaneBattle/temp/programming/packer-driver/targets/editor/chunks/3d/file:/D:/cocos_zml/zml-cocos2d-games/zml-cocos2d-AirplaneBattle/assets/Scripts/Player.ts:99:9)
    at eval (D:\cocos_editor\Creator\3.8.8\resources\resources\3d\engine\bin\.cache\dev\editor\bundled\index.js:55316:132)
    at OneOffInvoker.eval [as _invoke] (D:\cocos_editor\Creator\3.8.8\resources\resources\3d\engine\bin\.cache\dev\editor\bundled\index.js:53273:9)
    at OneOffInvoker.invoke (D:\cocos_editor\Creator\3.8.8\resources\resources\3d\engine\bin\.cache\dev\editor\bundled\index.js:53387:16)
    at NodeActivator.activateNode (D:\cocos_editor\Creator\3.8.8\resources\resources\3d\engine\bin\.cache\dev\editor\bundled\index.js:55367:27)
    at Scene._activate (D:\cocos_editor\Creator\3.8.8\resources\resources\3d\engine\bin\.cache\dev\editor\bundled\index.js:63356:44)
    at Director.runSceneImmediate (D:\cocos_editor\Creator\3.8.8\resources\resources\3d\engine\bin\.cache\dev\editor\bundled\index.js:15538:17)
    at D:\cocos_editor\Creator\3.8.8\resources\app.asar\builtin\scene\dist\script\3d\manager\scene\utils.ccc:1:1515
    at eval (D:\cocos_editor\Creator\3.8.8\resources\resources\3d\engine\bin\.cache\dev\editor\bundled\index.js:133842:17)
    at eval (D:\cocos_editor\Creator\3.8.8\resources\resources\3d\engine\bin\.cache\dev\editor\bundled\index.js:141562:9)
    at eval (D:\cocos_editor\Creator\3.8.8\resources\resources\3d\engine\bin\.cache\dev\editor\bundled\index.js:167821:9)
    at sentryWrapped (D:\cocos_editor\Creator\3.8.8\resources\app.asar\node_modules\@sentry\browser\src\helpers.ts:116:17)
2026-4-24 21:10:41 - warn: [PreviewInEditor] IPC message has been lost.Error: [PreviewInEditor] IPC message has been lost.
    at console.warn (D:\cocos_editor\Creator\3.8.8\resources\app.asar\node_modules\@sentry\core\src\utils-hoist\instrument\console.ts:40:14)
    at IpcRenderer.<anonymous> (D:\cocos_editor\Creator\3.8.8\resources\app.asar\builtin\scene\dist\script\3d\manager\ipc\web\webview.ccc:1:1464)
    at IpcRenderer.emit (node:events:519:28)
    at Object.onMessage (node:electron/js2c/renderer_init:2:8837)
2026-4-24 21:10:41 - info: [PreviewInEditor] 预览环境初始化完毕
2026-4-24 21:10:51 - log: [PreviewInEditor] meshopt wasm decoder initialized
2026-4-24 21:10:51 - log: [PreviewInEditor] [box2d]:box2d wasm lib loaded.
2026-4-24 21:10:51 - log: [PreviewInEditor] [bullet]:bullet wasm lib loaded.
2026-4-24 21:10:51 - log: [PreviewInEditor] [PHYSICS]: using builtin.
2026-4-24 21:10:51 - log: [PreviewInEditor] Cocos Creator v3.8.8
2026-4-24 21:10:51 - log: [PreviewInEditor] Using custom pipeline: Builtin
2026-4-24 21:11:26 - info: [PreviewInEditor] 预览环境初始化完毕
2026-4-24 21:18:24 - log: [PreviewInEditor] meshopt wasm decoder initialized
2026-4-24 21:18:24 - log: [PreviewInEditor] [bullet]:bullet wasm lib loaded.
2026-4-24 21:18:24 - log: [PreviewInEditor] [box2d]:box2d wasm lib loaded.
2026-4-24 21:18:24 - log: [PreviewInEditor] [PHYSICS]: using builtin.
2026-4-24 21:18:24 - log: [PreviewInEditor] Cocos Creator v3.8.8
2026-4-24 21:18:24 - log: [PreviewInEditor] Using custom pipeline: Builtin
2026-4-24 21:19:22 - info: [PreviewInEditor] 预览环境初始化完毕
2026-4-24 21:22:27 - log: [PreviewInEditor] meshopt wasm decoder initialized
2026-4-24 21:22:27 - log: [PreviewInEditor] [bullet]:bullet wasm lib loaded.
2026-4-24 21:22:27 - log: [PreviewInEditor] [box2d]:box2d wasm lib loaded.
2026-4-24 21:22:27 - log: [PreviewInEditor] [PHYSICS]: using builtin.
2026-4-24 21:22:27 - log: [PreviewInEditor] Cocos Creator v3.8.8
2026-4-24 21:22:27 - log: [PreviewInEditor] Using custom pipeline: Builtin
2026-4-24 21:23:26 - info: [PreviewInEditor] 预览环境初始化完毕
2026-4-24 21:23:30 - log: [PreviewInEditor] meshopt wasm decoder initialized
2026-4-24 21:23:30 - log: [PreviewInEditor] [box2d]:box2d wasm lib loaded.
2026-4-24 21:23:30 - log: [PreviewInEditor] [bullet]:bullet wasm lib loaded.
2026-4-24 21:23:30 - log: [PreviewInEditor] [PHYSICS]: using builtin.
2026-4-24 21:23:30 - log: [PreviewInEditor] Cocos Creator v3.8.8
2026-4-24 21:23:30 - log: [PreviewInEditor] Using custom pipeline: Builtin
2026-4-24 21:41:53 - info: [PreviewInEditor] 预览环境初始化完毕
2026-4-24 21:54:42 - log: [PreviewInEditor] meshopt wasm decoder initialized
2026-4-24 21:54:42 - log: [PreviewInEditor] [box2d]:box2d wasm lib loaded.
2026-4-24 21:54:42 - log: [PreviewInEditor] [bullet]:bullet wasm lib loaded.
2026-4-24 21:54:42 - log: [PreviewInEditor] [PHYSICS]: using builtin.
2026-4-24 21:54:43 - log: [PreviewInEditor] Cocos Creator v3.8.8
2026-4-24 21:54:43 - log: [PreviewInEditor] Using custom pipeline: Builtin
2026-4-24 21:55:31 - info: [PreviewInEditor] 预览环境初始化完毕
2026-4-24 22:05:40 - error: [Assets] D:\cocos_zml\zml-cocos2d-games\zml-cocos2d-AirplaneBattle\assets\Images\bg.png.meta is not exist! will use cache meta.Error: [Assets] D:\cocos_zml\zml-cocos2d-games\zml-cocos2d-AirplaneBattle\assets\Images\bg.png.meta is not exist! will use cache meta.
    at console.error (D:\cocos_editor\Creator\3.8.8\resources\app.asar\node_modules\@sentry\core\src\utils-hoist\instrument\console.ts:40:14)
    at NewConsole.error (D:\cocos_editor\Creator\3.8.8\resources\app.asar\builtin\asset-db\dist\worker\console.ccc:1:1536)
    at AssetDB._checkAssetStat (D:\cocos_editor\Creator\3.8.8\resources\app.asar\node_modules\@editor\asset-db\libs\asset-db.ccc:811:21)
    at AssetDB.refresh (D:\cocos_editor\Creator\3.8.8\resources\app.asar\node_modules\@editor\asset-db\libs\asset-db.ccc:604:41)
    at AssetDBManager._refresh (D:\cocos_editor\Creator\3.8.8\resources\app.asar\builtin\asset-db\dist\worker\asset-db-manager.ccc:1:11860)
    at Object.refresh-all-database (D:\cocos_editor\Creator\3.8.8\resources\app.asar\builtin\asset-db\dist\worker\messages\database.ccc:1:3922)
    at Ipc.<anonymous> (D:\cocos_editor\Creator\3.8.8\resources\app.asar\builtin\asset-db\dist\worker\ipc.ccc:1:555)
2026-4-24 22:15:19 - log: [PreviewInEditor] [box2d]:box2d wasm lib loaded.
2026-4-24 22:15:19 - log: [PreviewInEditor] meshopt wasm decoder initialized
2026-4-24 22:15:19 - log: [PreviewInEditor] [bullet]:bullet wasm lib loaded.
2026-4-24 22:15:19 - log: [PreviewInEditor] [PHYSICS]: using builtin.
2026-4-24 22:15:19 - log: [PreviewInEditor] Cocos Creator v3.8.8
2026-4-24 22:15:19 - log: [PreviewInEditor] Using custom pipeline: Builtin
2026-4-24 22:19:58 - error: (node:22832) MaxListenersExceededWarning: Possible EventEmitter memory leak detected. 11 render-view-deleted listeners added to [WebContents]. MaxListeners is 10. Use emitter.setMaxListeners() to increase limit
(Use `CocosCreator --trace-warnings ...` to show where the warning was created)
2026-4-24 22:19:58 - error: (node:22832) MaxListenersExceededWarning: Possible EventEmitter memory leak detected. 11 new-window listeners added to [WebContents]. MaxListeners is 10. Use emitter.setMaxListeners() to increase limit
2026-4-24 22:19:58 - warn: [PreviewInEditor] IPC message has been lost.Error: [PreviewInEditor] IPC message has been lost.
    at console.warn (D:\cocos_editor\Creator\3.8.8\resources\app.asar\node_modules\@sentry\core\src\utils-hoist\instrument\console.ts:40:14)
    at IpcRenderer.<anonymous> (D:\cocos_editor\Creator\3.8.8\resources\app.asar\builtin\scene\dist\script\3d\manager\ipc\web\webview.ccc:1:1464)
    at IpcRenderer.emit (node:events:519:28)
    at Object.onMessage (node:electron/js2c/renderer_init:2:8837)
2026-4-24 22:19:58 - info: [PreviewInEditor] 预览环境初始化完毕
2026-4-24 22:55:35 - log: [PreviewInEditor] meshopt wasm decoder initialized
2026-4-24 22:55:35 - log: [PreviewInEditor] [bullet]:bullet wasm lib loaded.
2026-4-24 22:55:35 - log: [PreviewInEditor] [box2d]:box2d wasm lib loaded.
2026-4-24 22:55:35 - log: [PreviewInEditor] [PHYSICS]: using builtin.
2026-4-24 22:55:36 - log: [PreviewInEditor] Cocos Creator v3.8.8
2026-4-24 22:55:36 - log: [PreviewInEditor] Using custom pipeline: Builtin
2026-4-24 22:55:44 - info: [PreviewInEditor] 预览环境初始化完毕
2026-4-24 23:07:23 - log: [PreviewInEditor] meshopt wasm decoder initialized
2026-4-24 23:07:23 - log: [PreviewInEditor] [bullet]:bullet wasm lib loaded.
2026-4-24 23:07:23 - log: [PreviewInEditor] [box2d]:box2d wasm lib loaded.
2026-4-24 23:07:23 - log: [PreviewInEditor] [PHYSICS]: using builtin.
2026-4-24 23:07:23 - log: [PreviewInEditor] Cocos Creator v3.8.8
2026-4-24 23:07:23 - log: [PreviewInEditor] Using custom pipeline: Builtin
2026-4-24 23:07:50 - warn: [PreviewInEditor] IPC message has been lost.Error: [PreviewInEditor] IPC message has been lost.
    at console.warn (D:\cocos_editor\Creator\3.8.8\resources\app.asar\node_modules\@sentry\core\src\utils-hoist\instrument\console.ts:40:14)
    at IpcRenderer.<anonymous> (D:\cocos_editor\Creator\3.8.8\resources\app.asar\builtin\scene\dist\script\3d\manager\ipc\web\webview.ccc:1:1464)
    at IpcRenderer.emit (node:events:519:28)
    at Object.onMessage (node:electron/js2c/renderer_init:2:8837)
2026-4-24 23:07:51 - info: [PreviewInEditor] 预览环境初始化完毕
2026-4-24 23:08:17 - log: [PreviewInEditor] meshopt wasm decoder initialized
2026-4-24 23:08:17 - log: [PreviewInEditor] [box2d]:box2d wasm lib loaded.
2026-4-24 23:08:17 - log: [PreviewInEditor] [bullet]:bullet wasm lib loaded.
2026-4-24 23:08:17 - log: [PreviewInEditor] [PHYSICS]: using builtin.
2026-4-24 23:08:18 - log: [PreviewInEditor] Cocos Creator v3.8.8
2026-4-24 23:08:18 - log: [PreviewInEditor] Using custom pipeline: Builtin
2026-4-24 23:11:27 - info: [PreviewInEditor] 预览环境初始化完毕
2026-4-24 23:15:28 - log: [PreviewInEditor] meshopt wasm decoder initialized
2026-4-24 23:15:28 - log: [PreviewInEditor] [bullet]:bullet wasm lib loaded.
2026-4-24 23:15:28 - log: [PreviewInEditor] [box2d]:box2d wasm lib loaded.
2026-4-24 23:15:28 - log: [PreviewInEditor] [PHYSICS]: using builtin.
2026-4-24 23:15:28 - log: [PreviewInEditor] Cocos Creator v3.8.8
2026-4-24 23:15:28 - log: [PreviewInEditor] Using custom pipeline: Builtin
2026-4-24 23:15:37 - info: [PreviewInEditor] 预览环境初始化完毕
2026-4-24 23:15:45 - log: [PreviewInEditor] meshopt wasm decoder initialized
2026-4-24 23:15:45 - log: [PreviewInEditor] [box2d]:box2d wasm lib loaded.
2026-4-24 23:15:45 - log: [PreviewInEditor] [bullet]:bullet wasm lib loaded.
2026-4-24 23:15:45 - log: [PreviewInEditor] [PHYSICS]: using builtin.
2026-4-24 23:15:45 - log: [PreviewInEditor] Cocos Creator v3.8.8
2026-4-24 23:15:45 - log: [PreviewInEditor] Using custom pipeline: Builtin
2026-4-24 23:16:14 - info: [PreviewInEditor] 预览环境初始化完毕
2026-4-24 23:23:58 - log: [PreviewInEditor] meshopt wasm decoder initialized
2026-4-24 23:23:58 - log: [PreviewInEditor] [box2d]:box2d wasm lib loaded.
2026-4-24 23:23:58 - log: [PreviewInEditor] [bullet]:bullet wasm lib loaded.
2026-4-24 23:23:58 - log: [PreviewInEditor] [PHYSICS]: using builtin.
2026-4-24 23:23:58 - log: [PreviewInEditor] Cocos Creator v3.8.8
2026-4-24 23:23:58 - log: [PreviewInEditor] Using custom pipeline: Builtin
2026-4-24 23:24:09 - info: [PreviewInEditor] 预览环境初始化完毕
2026-4-24 23:24:17 - log: [PreviewInEditor] meshopt wasm decoder initialized
2026-4-24 23:24:17 - log: [PreviewInEditor] [box2d]:box2d wasm lib loaded.
2026-4-24 23:24:17 - log: [PreviewInEditor] [bullet]:bullet wasm lib loaded.
2026-4-24 23:24:17 - log: [PreviewInEditor] [PHYSICS]: using builtin.
2026-4-24 23:24:17 - log: [PreviewInEditor] Cocos Creator v3.8.8
2026-4-24 23:24:17 - log: [PreviewInEditor] Using custom pipeline: Builtin
2026-4-24 23:24:24 - info: [PreviewInEditor] 预览环境初始化完毕
2026-4-25 00:53:57 - log: [PreviewInEditor] meshopt wasm decoder initialized
2026-4-25 00:53:57 - log: [PreviewInEditor] [bullet]:bullet wasm lib loaded.
2026-4-25 00:53:57 - log: [PreviewInEditor] [box2d]:box2d wasm lib loaded.
2026-4-25 00:53:57 - log: [PreviewInEditor] [PHYSICS]: using builtin.
2026-4-25 00:53:57 - log: [PreviewInEditor] Cocos Creator v3.8.8
2026-4-25 00:53:57 - log: [PreviewInEditor] Using custom pipeline: Builtin
2026-4-25 00:54:08 - info: [PreviewInEditor] 预览环境初始化完毕
2026-4-25 00:54:22 - log: [PreviewInEditor] meshopt wasm decoder initialized
2026-4-25 00:54:22 - log: [PreviewInEditor] [bullet]:bullet wasm lib loaded.
2026-4-25 00:54:22 - log: [PreviewInEditor] [box2d]:box2d wasm lib loaded.
2026-4-25 00:54:22 - log: [PreviewInEditor] [PHYSICS]: using builtin.
2026-4-25 00:54:22 - log: [PreviewInEditor] Cocos Creator v3.8.8
2026-4-25 00:54:22 - log: [PreviewInEditor] Using custom pipeline: Builtin
2026-4-25 00:55:38 - warn: [PreviewInEditor] IPC message has been lost.Error: [PreviewInEditor] IPC message has been lost.
    at console.warn (D:\cocos_editor\Creator\3.8.8\resources\app.asar\node_modules\@sentry\core\src\utils-hoist\instrument\console.ts:40:14)
    at IpcRenderer.<anonymous> (D:\cocos_editor\Creator\3.8.8\resources\app.asar\builtin\scene\dist\script\3d\manager\ipc\web\webview.ccc:1:1464)
    at IpcRenderer.emit (node:events:519:28)
    at Object.onMessage (node:electron/js2c/renderer_init:2:8837)
2026-4-25 00:55:39 - info: [PreviewInEditor] 预览环境初始化完毕
2026-4-25 00:55:39 - log: [PreviewInEditor] meshopt wasm decoder initialized
2026-4-25 00:55:39 - log: [PreviewInEditor] [bullet]:bullet wasm lib loaded.
2026-4-25 00:55:39 - log: [PreviewInEditor] [box2d]:box2d wasm lib loaded.
2026-4-25 00:55:39 - log: [PreviewInEditor] [PHYSICS]: using builtin.
2026-4-25 00:55:39 - log: [PreviewInEditor] Cocos Creator v3.8.8
2026-4-25 00:55:39 - log: [PreviewInEditor] Using custom pipeline: Builtin
2026-4-25 00:58:03 - info: [PreviewInEditor] 预览环境初始化完毕
