2026-5-9 13:14:30-log: Cannot access game frame or container.
2026-5-9 13:14:31-debug: asset-db:require-engine-code (1769ms)
2026-5-9 13:14:31-log: [box2d]:box2d wasm lib loaded.
2026-5-9 13:14:31-log: [bullet]:bullet wasm lib loaded.
2026-5-9 13:14:31-log: meshopt wasm decoder initialized
2026-5-9 13:14:31-log: Using legacy pipeline
2026-5-9 13:14:31-log: Forward render pipeline initialized.
2026-5-9 13:14:31-log: Cocos Creator v3.8.8
2026-5-9 13:14:31-debug: [Assets Memory track]: asset-db:worker-init: initEngine start:27.53MB, end 79.24MB, increase: 51.71MB
2026-5-9 13:14:34-debug: [Assets Memory track]: asset-db:worker-init: initPlugin start:79.28MB, end 273.91MB, increase: 194.63MB
2026-5-9 13:14:34-debug: asset-db:worker-init: initPlugin (2378ms)
2026-5-9 13:14:34-debug: Run asset db hook programming:beforePreStart success!
2026-5-9 13:14:34-debug: [Assets Memory track]: asset-db:worker-init start:27.52MB, end 273.52MB, increase: 246.00MB
2026-5-9 13:14:34-debug: Run asset db hook programming:beforePreStart ...
2026-5-9 13:14:34-debug: Run asset db hook engine-extends:beforePreStart ...
2026-5-9 13:14:34-debug: Run asset db hook engine-extends:beforePreStart success!
2026-5-9 13:14:34-debug: asset-db-hook-programming-beforePreStart (148ms)
2026-5-9 13:14:34-debug: asset-db:worker-init (4420ms)
2026-5-9 13:14:34-debug: asset-db-hook-engine-extends-beforePreStart (148ms)
2026-5-9 13:14:34-debug: Preimport db internal success
2026-5-9 13:14:34-debug: Preimport db assets success
2026-5-9 13:14:34-debug: Run asset db hook programming:afterPreStart ...
2026-5-9 13:14:34-debug: starting packer-driver...
2026-5-9 13:14:34-debug: initialize scripting environment...
2026-5-9 13:14:34-debug: [[Executor]] prepare before lock
2026-5-9 13:14:34-debug: Set detail map pack:///resolution-detail-map.json: {}
2026-5-9 13:14:34-debug: Run asset db hook engine-extends:afterPreStart success!
2026-5-9 13:14:34-debug: [[Executor]] prepare after unlock
2026-5-9 13:14:34-debug: Run asset db hook engine-extends:afterPreStart ...
2026-5-9 13:14:34-debug: [Assets Memory track]: asset-db:worker-init: preStart start:273.54MB, end 279.04MB, increase: 5.51MB
2026-5-9 13:14:34-debug: Run asset db hook programming:afterPreStart success!
2026-5-9 13:14:34-debug: Start up the 'internal' database...
2026-5-9 13:14:35-debug: asset-db-hook-programming-afterPreStart (782ms)
2026-5-9 13:14:35-debug: asset-db:worker-effect-data-processing (390ms)
2026-5-9 13:14:35-debug: asset-db-hook-engine-extends-afterPreStart (392ms)
2026-5-9 13:14:35-debug: Run asset db hook engine-extends:afterStartDB ...
2026-5-9 13:14:35-debug: recompile effect.bin success
2026-5-9 13:14:35-debug: Run asset db hook engine-extends:afterStartDB success!
2026-5-9 13:14:35-debug: Start up the 'assets' database...
2026-5-9 13:14:35-debug: asset-db:worker-effect-data-processing (399ms)
2026-5-9 13:14:35-debug: asset-db-hook-engine-extends-afterStartDB (400ms)
2026-5-9 13:14:35-debug: Run asset db hook engine-extends:afterStartDB ...
2026-5-9 13:14:35-debug: recompile effect.bin success
2026-5-9 13:14:35-debug: lazy register asset handler *
2026-5-9 13:14:35-debug: Run asset db hook engine-extends:afterStartDB success!
2026-5-9 13:14:35-debug: lazy register asset handler directory
2026-5-9 13:14:35-debug: lazy register asset handler json
2026-5-9 13:14:35-debug: lazy register asset handler text
2026-5-9 13:14:35-debug: lazy register asset handler spine-data
2026-5-9 13:14:35-debug: lazy register asset handler dragonbones-atlas
2026-5-9 13:14:35-debug: lazy register asset handler dragonbones
2026-5-9 13:14:35-debug: lazy register asset handler javascript
2026-5-9 13:14:35-debug: lazy register asset handler scene
2026-5-9 13:14:35-debug: lazy register asset handler terrain
2026-5-9 13:14:35-debug: lazy register asset handler typescript
2026-5-9 13:14:35-debug: lazy register asset handler sprite-frame
2026-5-9 13:14:35-debug: lazy register asset handler prefab
2026-5-9 13:14:35-debug: lazy register asset handler tiled-map
2026-5-9 13:14:35-debug: lazy register asset handler image
2026-5-9 13:14:35-debug: lazy register asset handler buffer
2026-5-9 13:14:35-debug: lazy register asset handler sign-image
2026-5-9 13:14:35-debug: lazy register asset handler alpha-image
2026-5-9 13:14:35-debug: lazy register asset handler texture-cube
2026-5-9 13:14:35-debug: lazy register asset handler erp-texture-cube
2026-5-9 13:14:35-debug: lazy register asset handler rt-sprite-frame
2026-5-9 13:14:35-debug: lazy register asset handler render-texture
2026-5-9 13:14:35-debug: lazy register asset handler texture-cube-face
2026-5-9 13:14:35-debug: lazy register asset handler gltf-mesh
2026-5-9 13:14:35-debug: lazy register asset handler texture
2026-5-9 13:14:35-debug: lazy register asset handler gltf-animation
2026-5-9 13:14:35-debug: lazy register asset handler gltf-skeleton
2026-5-9 13:14:35-debug: lazy register asset handler gltf-scene
2026-5-9 13:14:35-debug: lazy register asset handler gltf-material
2026-5-9 13:14:35-debug: lazy register asset handler gltf-embeded-image
2026-5-9 13:14:35-debug: lazy register asset handler fbx
2026-5-9 13:14:35-debug: lazy register asset handler material
2026-5-9 13:14:35-debug: lazy register asset handler gltf
2026-5-9 13:14:35-debug: lazy register asset handler effect-header
2026-5-9 13:14:35-debug: lazy register asset handler physics-material
2026-5-9 13:14:35-debug: lazy register asset handler animation-clip
2026-5-9 13:14:35-debug: lazy register asset handler audio-clip
2026-5-9 13:14:35-debug: lazy register asset handler animation-graph
2026-5-9 13:14:35-debug: lazy register asset handler animation-graph-variant
2026-5-9 13:14:35-debug: lazy register asset handler animation-mask
2026-5-9 13:14:35-debug: lazy register asset handler bitmap-font
2026-5-9 13:14:35-debug: lazy register asset handler particle
2026-5-9 13:14:35-debug: lazy register asset handler sprite-atlas
2026-5-9 13:14:35-debug: lazy register asset handler effect
2026-5-9 13:14:35-debug: lazy register asset handler auto-atlas
2026-5-9 13:14:35-debug: lazy register asset handler label-atlas
2026-5-9 13:14:35-debug: lazy register asset handler render-pipeline
2026-5-9 13:14:35-debug: lazy register asset handler ttf-font
2026-5-9 13:14:35-debug: lazy register asset handler render-stage
2026-5-9 13:14:35-debug: lazy register asset handler render-flow
2026-5-9 13:14:35-debug: lazy register asset handler instantiation-animation
2026-5-9 13:14:35-debug: lazy register asset handler instantiation-material
2026-5-9 13:14:35-debug: lazy register asset handler instantiation-mesh
2026-5-9 13:14:35-debug: lazy register asset handler instantiation-skeleton
2026-5-9 13:14:35-debug: lazy register asset handler video-clip
2026-5-9 13:14:36-debug: asset-db:worker-effect-data-processing (326ms)
2026-5-9 13:14:36-debug: asset-db:start-database (1895ms)
2026-5-9 13:14:36-debug: asset-db:ready (8934ms)
2026-5-9 13:14:36-debug: init worker message success
2026-5-9 13:14:36-debug: asset-db-hook-engine-extends-afterStartDB (327ms)
2026-5-9 13:14:36-debug: programming:execute-script (1ms)
2026-5-9 13:14:36-debug: [Build Memory track]: builder:worker-init start:221.00MB, end 232.47MB, increase: 11.47MB
2026-5-9 13:14:36-debug: builder:worker-init (475ms)
2026-5-9 13:14:49-debug: refresh db internal success
2026-5-9 13:14:49-debug: refresh db assets success
2026-5-9 13:14:49-debug: Run asset db hook engine-extends:afterRefresh ...
2026-5-9 13:14:49-debug: Run asset db hook engine-extends:afterRefresh success!
2026-5-9 13:14:49-debug: asset-db:refresh-all-database (167ms)
2026-5-9 13:14:49-debug: asset-db:worker-effect-data-processing (2ms)
2026-5-9 13:14:49-debug: asset-db-hook-engine-extends-afterRefresh (2ms)
